// Jest Snapshot v1, https://goo.gl/fbAQLP

exports[`ImageContainer components  1`] = `
.c0 {
  display: -webkit-box;
  display: -webkit-flex;
  display: -ms-flexbox;
  display: flex;
  position: relative;
  margin: 8vw;
}

@media only screen and (min-width:320px) {
  .c0 {
    width: 100%;
  }
}

<div
  className="c0"
/>
`;
